=== Environment Setup ===
DOTNET_ROOT: /home/the921691/.dotnet
build.sh: line 13: dotnet: command not found
dotnet version: 
pnpm command: npx pnpm

=== Installing frontend dependencies ===
Lockfile is up to date, resolution step is skipped
Progress: resolved 1, reused 0, downloaded 0, added 0
Packages: +58
++++++++++++++++++++++++++++++++++++++++++++++++++++++++++
Progress: resolved 58, reused 0, downloaded 0, added 0
Progress: resolved 58, reused 0, downloaded 1, added 0
Progress: resolved 58, reused 0, downloaded 12, added 0
Progress: resolved 58, reused 0, downloaded 13, added 0
Progress: resolved 58, reused 0, downloaded 15, added 0
Progress: resolved 58, reused 0, downloaded 16, added 0
Progress: resolved 58, reused 0, downloaded 26, added 4
Progress: resolved 58, reused 0, downloaded 37, added 8
Progress: resolved 58, reused 0, downloaded 42, added 8
Progress: resolved 58, reused 0, downloaded 43, added 8
Progress: resolved 58, reused 0, downloaded 47, added 9
Progress: resolved 58, reused 0, downloaded 55, added 12
Progress: resolved 58, reused 0, downloaded 58, added 15
Progress: resolved 58, reused 0, downloaded 58, added 16
Progress: resolved 58, reused 0, downloaded 58, added 41
Progress: resolved 58, reused 0, downloaded 58, added 56
Progress: resolved 58, reused 0, downloaded 58, added 58, done

dependencies:
+ @ktibow/iconset-material-symbols 0.0.1747426012
+ @mercuryworkshop/epoxy-tls 2.1.17-1
+ @types/xxhashjs 0.2.4
+ dreamland 0.0.25
+ events 3.3.0
+ lightningcss 1.30.1
+ rollup-plugin-node-polyfills 0.2.1
+ streamx-webstream 1.2.12
+ tar-stream 3.1.7
+ terser 5.40.0
+ xxhashjs 0.2.2

devDependencies:
+ @iconify/types 2.0.0
+ @types/tar-stream 3.1.3
+ @types/wicg-file-system-access 2023.10.6
+ prettier 3.5.3
+ typescript 5.8.3
+ vite 6.3.5
+ vite-plugin-dreamland 1.2.1

╭ Warning ─────────────────────────────────────────────────────────────────────╮
│                                                                              │
│   Ignored build scripts: esbuild@0.25.5.                                     │
│   Run "pnpm approve-builds" to pick which dependencies should be allowed     │
│   to run scripts.                                                            │
│                                                                              │
╰──────────────────────────────────────────────────────────────────────────────╯
Done in 42.4s using pnpm v10.29.3

=== Cleaning old build artifacts ===

=== Running dotnet restore ===
build.sh: line 28: dotnet: command not found
